src/modules/door-access/access-control.service.ts(2,10): error TS2305: Module '"@prisma/client"' has no exported member 'DayOfWeek'.
src/modules/door-access/access-control.service.ts(112,36): error TS2339: Property 'hasTimeRestriction' does not exist on type '{ id: string; name: string; description: string | null; priceMonthly: Decimal; priceYearly: Decimal | null; durationDays: number; features: string[]; isActive: boolean; createdAt: Date; updatedAt: Date; gymId: string; }'.
src/modules/door-access/access-control.service.ts(120,15): error TS2339: Property 'allowsDoorAccess' does not exist on type '{ id: string; name: string; description: string | null; priceMonthly: Decimal; priceYearly: Decimal | null; durationDays: number; features: string[]; isActive: boolean; createdAt: Date; updatedAt: Date; gymId: string; }'.
src/modules/door-access/access-control.service.ts(139,14): error TS2339: Property 'hasTimeRestriction' does not exist on type '{ id: string; name: string; description: string | null; priceMonthly: Decimal; priceYearly: Decimal | null; durationDays: number; features: string[]; isActive: boolean; createdAt: Date; updatedAt: Date; gymId: string; }'.
src/modules/door-access/access-control.service.ts(141,16): error TS2339: Property 'accessDays' does not exist on type '{ id: string; name: string; description: string | null; priceMonthly: Decimal; priceYearly: Decimal | null; durationDays: number; features: string[]; isActive: boolean; createdAt: Date; updatedAt: Date; gymId: string; }'.
src/modules/door-access/access-control.service.ts(141,36): error TS2339: Property 'accessDays' does not exist on type '{ id: string; name: string; description: string | null; priceMonthly: Decimal; priceYearly: Decimal | null; durationDays: number; features: string[]; isActive: boolean; createdAt: Date; updatedAt: Date; gymId: string; }'.
src/modules/door-access/access-control.service.ts(144,92): error TS2339: Property 'accessDays' does not exist on type '{ id: string; name: string; description: string | null; priceMonthly: Decimal; priceYearly: Decimal | null; durationDays: number; features: string[]; isActive: boolean; createdAt: Date; updatedAt: Date; gymId: string; }'.
src/modules/door-access/access-control.service.ts(153,35): error TS2339: Property 'accessStartTime' does not exist on type '{ id: string; name: string; description: string | null; priceMonthly: Decimal; priceYearly: Decimal | null; durationDays: number; features: string[]; isActive: boolean; createdAt: Date; updatedAt: Date; gymId: string; }'.
src/modules/door-access/access-control.service.ts(154,33): error TS2339: Property 'accessEndTime' does not exist on type '{ id: string; name: string; description: string | null; priceMonthly: Decimal; priceYearly: Decimal | null; durationDays: number; features: string[]; isActive: boolean; createdAt: Date; updatedAt: Date; gymId: string; }'.
src/modules/door-access/access-control.service.ts(155,30): error TS2339: Property 'accessDays' does not exist on type '{ id: string; name: string; description: string | null; priceMonthly: Decimal; priceYearly: Decimal | null; durationDays: number; features: string[]; isActive: boolean; createdAt: Date; updatedAt: Date; gymId: string; }'.
src/modules/door-access/access-control.service.ts(163,16): error TS2339: Property 'accessStartTime' does not exist on type '{ id: string; name: string; description: string | null; priceMonthly: Decimal; priceYearly: Decimal | null; durationDays: number; features: string[]; isActive: boolean; createdAt: Date; updatedAt: Date; gymId: string; }'.
src/modules/door-access/access-control.service.ts(163,40): error TS2339: Property 'accessEndTime' does not exist on type '{ id: string; name: string; description: string | null; priceMonthly: Decimal; priceYearly: Decimal | null; durationDays: number; features: string[]; isActive: boolean; createdAt: Date; updatedAt: Date; gymId: string; }'.
src/modules/door-access/access-control.service.ts(164,44): error TS2339: Property 'accessStartTime' does not exist on type '{ id: string; name: string; description: string | null; priceMonthly: Decimal; priceYearly: Decimal | null; durationDays: number; features: string[]; isActive: boolean; createdAt: Date; updatedAt: Date; gymId: string; }'.
src/modules/door-access/access-control.service.ts(164,66): error TS2339: Property 'accessEndTime' does not exist on type '{ id: string; name: string; description: string | null; priceMonthly: Decimal; priceYearly: Decimal | null; durationDays: number; features: string[]; isActive: boolean; createdAt: Date; updatedAt: Date; gymId: string; }'.
src/modules/door-access/access-control.service.ts(167,57): error TS2339: Property 'accessStartTime' does not exist on type '{ id: string; name: string; description: string | null; priceMonthly: Decimal; priceYearly: Decimal | null; durationDays: number; features: string[]; isActive: boolean; createdAt: Date; updatedAt: Date; gymId: string; }'.
src/modules/door-access/access-control.service.ts(167,85): error TS2339: Property 'accessEndTime' does not exist on type '{ id: string; name: string; description: string | null; priceMonthly: Decimal; priceYearly: Decimal | null; durationDays: number; features: string[]; isActive: boolean; createdAt: Date; updatedAt: Date; gymId: string; }'.
src/modules/door-access/access-control.service.ts(176,37): error TS2339: Property 'accessStartTime' does not exist on type '{ id: string; name: string; description: string | null; priceMonthly: Decimal; priceYearly: Decimal | null; durationDays: number; features: string[]; isActive: boolean; createdAt: Date; updatedAt: Date; gymId: string; }'.
src/modules/door-access/access-control.service.ts(177,35): error TS2339: Property 'accessEndTime' does not exist on type '{ id: string; name: string; description: string | null; priceMonthly: Decimal; priceYearly: Decimal | null; durationDays: number; features: string[]; isActive: boolean; createdAt: Date; updatedAt: Date; gymId: string; }'.
src/modules/door-access/access-control.service.ts(178,32): error TS2339: Property 'accessDays' does not exist on type '{ id: string; name: string; description: string | null; priceMonthly: Decimal; priceYearly: Decimal | null; durationDays: number; features: string[]; isActive: boolean; createdAt: Date; updatedAt: Date; gymId: string; }'.
src/modules/door-access/access-control.service.ts(197,34): error TS2339: Property 'hasTimeRestriction' does not exist on type '{ id: string; name: string; description: string | null; priceMonthly: Decimal; priceYearly: Decimal | null; durationDays: number; features: string[]; isActive: boolean; createdAt: Date; updatedAt: Date; gymId: string; }'.
src/modules/door-access/access-control.service.ts(198,31): error TS2339: Property 'accessStartTime' does not exist on type '{ id: string; name: string; description: string | null; priceMonthly: Decimal; priceYearly: Decimal | null; durationDays: number; features: string[]; isActive: boolean; createdAt: Date; updatedAt: Date; gymId: string; }'.
src/modules/door-access/access-control.service.ts(199,29): error TS2339: Property 'accessEndTime' does not exist on type '{ id: string; name: string; description: string | null; priceMonthly: Decimal; priceYearly: Decimal | null; durationDays: number; features: string[]; isActive: boolean; createdAt: Date; updatedAt: Date; gymId: string; }'.
src/modules/door-access/access-control.service.ts(200,26): error TS2339: Property 'accessDays' does not exist on type '{ id: string; name: string; description: string | null; priceMonthly: Decimal; priceYearly: Decimal | null; durationDays: number; features: string[]; isActive: boolean; createdAt: Date; updatedAt: Date; gymId: string; }'.
src/modules/door-access/access-control.service.ts(277,24): error TS2339: Property 'planType' does not exist on type '{ id: string; name: string; description: string | null; priceMonthly: Decimal; priceYearly: Decimal | null; durationDays: number; features: string[]; isActive: boolean; createdAt: Date; updatedAt: Date; gymId: string; }'.
src/modules/door-access/access-control.service.ts(280,34): error TS2339: Property 'hasTimeRestriction' does not exist on type '{ id: string; name: string; description: string | null; priceMonthly: Decimal; priceYearly: Decimal | null; durationDays: number; features: string[]; isActive: boolean; createdAt: Date; updatedAt: Date; gymId: string; }'.
src/modules/door-access/access-control.service.ts(281,31): error TS2339: Property 'accessStartTime' does not exist on type '{ id: string; name: string; description: string | null; priceMonthly: Decimal; priceYearly: Decimal | null; durationDays: number; features: string[]; isActive: boolean; createdAt: Date; updatedAt: Date; gymId: string; }'.
src/modules/door-access/access-control.service.ts(282,29): error TS2339: Property 'accessEndTime' does not exist on type '{ id: string; name: string; description: string | null; priceMonthly: Decimal; priceYearly: Decimal | null; durationDays: number; features: string[]; isActive: boolean; createdAt: Date; updatedAt: Date; gymId: string; }'.
src/modules/door-access/access-control.service.ts(283,26): error TS2339: Property 'accessDays' does not exist on type '{ id: string; name: string; description: string | null; priceMonthly: Decimal; priceYearly: Decimal | null; durationDays: number; features: string[]; isActive: boolean; createdAt: Date; updatedAt: Date; gymId: string; }'.
src/modules/door-access/access-control.service.ts(284,32): error TS2339: Property 'allowsDoorAccess' does not exist on type '{ id: string; name: string; description: string | null; priceMonthly: Decimal; priceYearly: Decimal | null; durationDays: number; features: string[]; isActive: boolean; createdAt: Date; updatedAt: Date; gymId: string; }'.
src/modules/gyms/gym-owner.controller.ts(9,61): error TS2305: Module '"../../lib/response"' has no exported member 'serverError'.
src/modules/gyms/gym-owner.controller.ts(10,16): error TS2305: Module '"@prisma/client"' has no exported member 'DayOfWeek'.
src/modules/gyms/gym-owner.controller.ts(158,19): error TS2353: Object literal may only specify known properties, and 'displayOrder' does not exist in type 'SubscriptionPlanOrderByWithRelationInput'.
src/modules/gyms/gym-owner.controller.ts(232,9): error TS2353: Object literal may only specify known properties, and 'hasTimeRestriction' does not exist in type 'Without<SubscriptionPlanCreateInput, SubscriptionPlanUncheckedCreateInput> & SubscriptionPlanUncheckedCreateInput'.
src/modules/gyms/gym-owner.controller.ts(309,9): error TS2353: Object literal may only specify known properties, and 'hasTimeRestriction' does not exist in type '(Without<SubscriptionPlanUpdateInput, SubscriptionPlanUncheckedUpdateInput> & SubscriptionPlanUncheckedUpdateInput) | (Without<...> & SubscriptionPlanUpdateInput)'.
src/modules/gyms/gym-owner.controller.ts(480,11): error TS2353: Object literal may only specify known properties, and 'planType' does not exist in type 'Without<SubscriptionPlanCreateInput, SubscriptionPlanUncheckedCreateInput> & SubscriptionPlanUncheckedCreateInput'.
src/modules/gyms/gym-owner.controller.ts(584,9): error TS2353: Object literal may only specify known properties, and 'description' does not exist in type 'Without<EquipmentCreateInput, EquipmentUncheckedCreateInput> & EquipmentUncheckedCreateInput'.
src/modules/gyms/stripe-connect.service.ts(30,13): error TS2339: Property 'stripeAccountId' does not exist on type '{ owner: { id: string; email: string; password: string; fullName: string; role: Role; phoneNumber: string | null; avatarUrl: string | null; isVerified: boolean; isActive: boolean; createdAt: Date; updatedAt: Date; createdById: string | null; }; } & { ...; }'.
src/modules/gyms/stripe-connect.service.ts(57,9): error TS2353: Object literal may only specify known properties, and 'stripeAccountId' does not exist in type '(Without<GymUpdateInput, GymUncheckedUpdateInput> & GymUncheckedUpdateInput) | (Without<GymUncheckedUpdateInput, GymUpdateInput> & GymUpdateInput)'.
src/modules/gyms/stripe-connect.service.ts(82,14): error TS2339: Property 'stripeAccountId' does not exist on type '{ id: string; name: string; address: string; city: string; country: string; phone: string | null; email: string | null; logoUrl: string | null; description: string | null; isActive: boolean; createdAt: Date; updatedAt: Date; ownerId: string; }'.
src/modules/gyms/stripe-connect.service.ts(97,65): error TS2339: Property 'stripeAccountId' does not exist on type '{ id: string; name: string; address: string; city: string; country: string; phone: string | null; email: string | null; logoUrl: string | null; description: string | null; isActive: boolean; createdAt: Date; updatedAt: Date; ownerId: string; }'.
src/modules/gyms/stripe-connect.service.ts(114,14): error TS2339: Property 'stripeAccountId' does not exist on type '{ id: string; name: string; address: string; city: string; country: string; phone: string | null; email: string | null; logoUrl: string | null; description: string | null; isActive: boolean; createdAt: Date; updatedAt: Date; ownerId: string; }'.
src/modules/gyms/stripe-connect.service.ts(118,14): error TS2339: Property 'stripeOnboardingComplete' does not exist on type '{ id: string; name: string; address: string; city: string; country: string; phone: string | null; email: string | null; logoUrl: string | null; description: string | null; isActive: boolean; createdAt: Date; updatedAt: Date; ownerId: string; }'.
src/modules/gyms/stripe-connect.service.ts(127,56): error TS2339: Property 'stripeAccountId' does not exist on type '{ id: string; name: string; address: string; city: string; country: string; phone: string | null; email: string | null; logoUrl: string | null; description: string | null; isActive: boolean; createdAt: Date; updatedAt: Date; ownerId: string; }'.
src/modules/gyms/stripe-connect.service.ts(140,9): error TS2353: Object literal may only specify known properties, and 'stripeAccountId' does not exist in type 'GymSelect<DefaultArgs>'.
src/modules/gyms/stripe-connect.service.ts(156,25): error TS2339: Property 'stripeAccountId' does not exist on type '{ id: string; name: string; address: string; city: string; country: string; phone: string | null; email: string | null; logoUrl: string | null; description: string | null; isActive: boolean; createdAt: Date; updatedAt: Date; ownerId: string; }'.
src/modules/gyms/stripe-connect.service.ts(157,22): error TS2339: Property 'stripeAccountId' does not exist on type '{ id: string; name: string; address: string; city: string; country: string; phone: string | null; email: string | null; logoUrl: string | null; description: string | null; isActive: boolean; createdAt: Date; updatedAt: Date; ownerId: string; }'.
src/modules/gyms/stripe-connect.service.ts(158,19): error TS2339: Property 'stripeAccountStatus' does not exist on type '{ id: string; name: string; address: string; city: string; country: string; phone: string | null; email: string | null; logoUrl: string | null; description: string | null; isActive: boolean; createdAt: Date; updatedAt: Date; ownerId: string; }'.
src/modules/gyms/stripe-connect.service.ts(159,31): error TS2339: Property 'stripeOnboardingComplete' does not exist on type '{ id: string; name: string; address: string; city: string; country: string; phone: string | null; email: string | null; logoUrl: string | null; description: string | null; isActive: boolean; createdAt: Date; updatedAt: Date; ownerId: string; }'.
src/modules/gyms/stripe-connect.service.ts(160,27): error TS2339: Property 'stripePayoutsEnabled' does not exist on type '{ id: string; name: string; address: string; city: string; country: string; phone: string | null; email: string | null; logoUrl: string | null; description: string | null; isActive: boolean; createdAt: Date; updatedAt: Date; ownerId: string; }'.
src/modules/gyms/stripe-connect.service.ts(161,21): error TS2339: Property 'stripeCurrency' does not exist on type '{ id: string; name: string; address: string; city: string; country: string; phone: string | null; email: string | null; logoUrl: string | null; description: string | null; isActive: boolean; createdAt: Date; updatedAt: Date; ownerId: string; }'.
src/modules/gyms/stripe-connect.service.ts(174,16): error TS2353: Object literal may only specify known properties, and 'stripeAccountId' does not exist in type 'GymWhereInput'.
src/modules/gyms/stripe-connect.service.ts(192,9): error TS2353: Object literal may only specify known properties, and 'stripeAccountStatus' does not exist in type '(Without<GymUpdateInput, GymUncheckedUpdateInput> & GymUncheckedUpdateInput) | (Without<GymUncheckedUpdateInput, GymUpdateInput> & GymUpdateInput)'.
src/modules/gyms/stripe-connect.service.ts(214,14): error TS2339: Property 'stripeAccountId' does not exist on type '{ id: string; name: string; address: string; city: string; country: string; phone: string | null; email: string | null; logoUrl: string | null; description: string | null; isActive: boolean; createdAt: Date; updatedAt: Date; ownerId: string; }'.
src/modules/gyms/stripe-connect.service.ts(214,38): error TS2339: Property 'stripePayoutsEnabled' does not exist on type '{ id: string; name: string; address: string; city: string; country: string; phone: string | null; email: string | null; logoUrl: string | null; description: string | null; isActive: boolean; createdAt: Date; updatedAt: Date; ownerId: string; }'.
src/modules/gyms/stripe-connect.service.ts(219,39): error TS2339: Property 'stripeConfig' does not exist on type 'PrismaClient<PrismaClientOptions, never, DefaultArgs>'.
src/modules/gyms/stripe-connect.service.ts(269,35): error TS2339: Property 'payment' does not exist on type 'PrismaClient<PrismaClientOptions, never, DefaultArgs>'.
src/modules/gyms/stripe-connect.service.ts(278,39): error TS2339: Property 'stripeConfig' does not exist on type 'PrismaClient<PrismaClientOptions, never, DefaultArgs>'.
src/modules/gyms/stripe-connect.service.ts(283,43): error TS7006: Parameter 'sum' implicitly has an 'any' type.
src/modules/gyms/stripe-connect.service.ts(283,48): error TS7006: Parameter 'p' implicitly has an 'any' type.
src/modules/gyms/stripe-connect.service.ts(293,21): error TS2339: Property 'stripeCurrency' does not exist on type '{ id: string; name: string; address: string; city: string; country: string; phone: string | null; email: string | null; logoUrl: string | null; description: string | null; isActive: boolean; createdAt: Date; updatedAt: Date; ownerId: string; }'.
src/modules/gyms/stripe-connect.service.ts(313,9): error TS2353: Object literal may only specify known properties, and 'stripeCurrency' does not exist in type '(Without<GymUpdateInput, GymUncheckedUpdateInput> & GymUncheckedUpdateInput) | (Without<GymUncheckedUpdateInput, GymUpdateInput> & GymUpdateInput)'.
src/modules/notifications/notification.service.ts(2,10): error TS2305: Module '"@prisma/client"' has no exported member 'NotificationType'.
src/modules/notifications/notification.service.ts(2,28): error TS2305: Module '"@prisma/client"' has no exported member 'NotificationChannel'.
src/modules/notifications/notification.service.ts(57,38): error TS2339: Property 'notificationPreference' does not exist on type 'PrismaClient<PrismaClientOptions, never, DefaultArgs>'.
src/modules/notifications/notification.service.ts(123,22): error TS2339: Property 'notification' does not exist on type 'PrismaClient<PrismaClientOptions, never, DefaultArgs>'.
src/modules/notifications/notification.service.ts(166,39): error TS2339: Property 'notification' does not exist on type 'PrismaClient<PrismaClientOptions, never, DefaultArgs>'.
src/modules/notifications/notification.service.ts(179,64): error TS2552: Cannot find name 'scheduledAt'. Did you mean 'scheduleAt'?
src/modules/notifications/notification.service.ts(205,14): error TS2339: Property 'notification' does not exist on type 'PrismaClient<PrismaClientOptions, never, DefaultArgs>'.
src/modules/notifications/notification.service.ts(211,14): error TS2339: Property 'notification' does not exist on type 'PrismaClient<PrismaClientOptions, never, DefaultArgs>'.
src/modules/notifications/notification.service.ts(212,14): error TS2339: Property 'notification' does not exist on type 'PrismaClient<PrismaClientOptions, never, DefaultArgs>'.
src/modules/notifications/notification.service.ts(222,19): error TS2339: Property 'notification' does not exist on type 'PrismaClient<PrismaClientOptions, never, DefaultArgs>'.
src/modules/notifications/notification.service.ts(232,19): error TS2339: Property 'notification' does not exist on type 'PrismaClient<PrismaClientOptions, never, DefaultArgs>'.
src/modules/notifications/notification.service.ts(242,36): error TS2339: Property 'notificationPreference' does not exist on type 'PrismaClient<PrismaClientOptions, never, DefaultArgs>'.
src/modules/notifications/notification.service.ts(247,34): error TS2339: Property 'notificationPreference' does not exist on type 'PrismaClient<PrismaClientOptions, never, DefaultArgs>'.
src/modules/notifications/notification.service.ts(276,19): error TS2339: Property 'notificationPreference' does not exist on type 'PrismaClient<PrismaClientOptions, never, DefaultArgs>'.
src/modules/notifications/notification.service.ts(289,47): error TS2339: Property 'notification' does not exist on type 'PrismaClient<PrismaClientOptions, never, DefaultArgs>'.
src/modules/notifications/notification.service.ts(323,20): error TS2339: Property 'notification' does not exist on type 'PrismaClient<PrismaClientOptions, never, DefaultArgs>'.
src/modules/notifications/providers/inapp.provider.ts(7,10): error TS2305: Module '"@prisma/client"' has no exported member 'NotificationType'.
src/modules/notifications/providers/inapp.provider.ts(7,28): error TS2305: Module '"@prisma/client"' has no exported member 'NotificationChannel'.
src/modules/notifications/providers/inapp.provider.ts(18,41): error TS2339: Property 'notification' does not exist on type 'PrismaClient<PrismaClientOptions, never, DefaultArgs>'.
src/modules/payments/payment.service.ts(2,10): error TS2305: Module '"@prisma/client"' has no exported member 'PaymentStatus'.
src/modules/payments/payment.service.ts(2,25): error TS2305: Module '"@prisma/client"' has no exported member 'PaymentMethod'.
src/modules/payments/payment.service.ts(4,10): error TS2305: Module '"@prisma/client"' has no exported member 'NotificationType'.
src/modules/payments/payment.service.ts(60,14): error TS2339: Property 'stripeCustomerId' does not exist on type '{ id: string; email: string; password: string; fullName: string; role: Role; phoneNumber: string | null; avatarUrl: string | null; isVerified: boolean; isActive: boolean; createdAt: Date; updatedAt: Date; createdById: string | null; }'.
src/modules/payments/payment.service.ts(61,19): error TS2339: Property 'stripeCustomerId' does not exist on type '{ id: string; email: string; password: string; fullName: string; role: Role; phoneNumber: string | null; avatarUrl: string | null; isVerified: boolean; isActive: boolean; createdAt: Date; updatedAt: Date; createdById: string | null; }'.
src/modules/payments/payment.service.ts(76,15): error TS2353: Object literal may only specify known properties, and 'stripeCustomerId' does not exist in type '(Without<UserUpdateInput, UserUncheckedUpdateInput> & UserUncheckedUpdateInput) | (Without<...> & UserUpdateInput)'.
src/modules/payments/payment.service.ts(110,34): error TS2339: Property 'payment' does not exist on type 'PrismaClient<PrismaClientOptions, never, DefaultArgs>'.
src/modules/payments/payment.service.ts(171,34): error TS2339: Property 'payment' does not exist on type 'PrismaClient<PrismaClientOptions, never, DefaultArgs>'.
src/modules/payments/payment.service.ts(220,18): error TS2339: Property 'payment' does not exist on type 'PrismaClient<PrismaClientOptions, never, DefaultArgs>'.
src/modules/payments/payment.service.ts(252,14): error TS2339: Property 'payment' does not exist on type 'PrismaClient<PrismaClientOptions, never, DefaultArgs>'.
src/modules/payments/payment.service.ts(258,14): error TS2339: Property 'payment' does not exist on type 'PrismaClient<PrismaClientOptions, never, DefaultArgs>'.
src/modules/payments/payment.service.ts(284,14): error TS2339: Property 'payment' does not exist on type 'PrismaClient<PrismaClientOptions, never, DefaultArgs>'.
src/modules/payments/payment.service.ts(292,14): error TS2339: Property 'payment' does not exist on type 'PrismaClient<PrismaClientOptions, never, DefaultArgs>'.
src/modules/payments/payment.service.ts(300,14): error TS2339: Property 'payment' does not exist on type 'PrismaClient<PrismaClientOptions, never, DefaultArgs>'.
src/modules/payments/payment.service.ts(308,14): error TS2339: Property 'payment' does not exist on type 'PrismaClient<PrismaClientOptions, never, DefaultArgs>'.
src/modules/payments/payment.service.ts(315,14): error TS2339: Property 'payment' does not exist on type 'PrismaClient<PrismaClientOptions, never, DefaultArgs>'.
src/modules/payments/payment.service.ts(445,34): error TS2339: Property 'payment' does not exist on type 'PrismaClient<PrismaClientOptions, never, DefaultArgs>'.
src/modules/payments/payment.service.ts(450,20): error TS2339: Property 'payment' does not exist on type 'PrismaClient<PrismaClientOptions, never, DefaultArgs>'.
src/modules/payments/payment.service.ts(466,34): error TS2339: Property 'payment' does not exist on type 'PrismaClient<PrismaClientOptions, never, DefaultArgs>'.
src/modules/payments/payment.service.ts(471,20): error TS2339: Property 'payment' does not exist on type 'PrismaClient<PrismaClientOptions, never, DefaultArgs>'.
src/modules/platform/platform-config.controller.ts(4,31): error TS2305: Module '"../../lib/response"' has no exported member 'serverError'.
src/modules/platform/platform-config.controller.ts(5,10): error TS2305: Module '"@prisma/client"' has no exported member 'AIProvider'.
src/modules/platform/platform-config.controller.ts(5,22): error TS2305: Module '"@prisma/client"' has no exported member 'UserTier'.
src/modules/platform/platform-config.controller.ts(45,33): error TS2345: Argument of type 'string' is not assignable to parameter of type 'number'.
src/modules/platform/platform-config.controller.ts(115,39): error TS2345: Argument of type 'string' is not assignable to parameter of type 'number'.
src/modules/platform/platform-config.controller.ts(213,39): error TS2345: Argument of type 'string' is not assignable to parameter of type 'number'.
src/modules/platform/platform-config.controller.ts(264,39): error TS2345: Argument of type 'string' is not assignable to parameter of type 'number'.
src/modules/platform/platform-config.controller.ts(345,33): error TS2345: Argument of type 'string' is not assignable to parameter of type 'number'.
src/modules/platform/platform-config.controller.ts(359,32): error TS2345: Argument of type 'string' is not assignable to parameter of type 'number'.
src/modules/platform/platform-config.service.ts(2,10): error TS2305: Module '"@prisma/client"' has no exported member 'AIProvider'.
src/modules/platform/platform-config.service.ts(2,22): error TS2305: Module '"@prisma/client"' has no exported member 'UserTier'.
src/modules/platform/platform-config.service.ts(22,31): error TS2339: Property 'platformConfig' does not exist on type 'PrismaClient<PrismaClientOptions, never, DefaultArgs>'.
src/modules/platform/platform-config.service.ts(27,29): error TS2339: Property 'platformConfig' does not exist on type 'PrismaClient<PrismaClientOptions, never, DefaultArgs>'.
src/modules/platform/platform-config.service.ts(46,19): error TS2339: Property 'platformConfig' does not exist on type 'PrismaClient<PrismaClientOptions, never, DefaultArgs>'.
src/modules/platform/platform-config.service.ts(59,31): error TS2339: Property 'aIConfig' does not exist on type 'PrismaClient<PrismaClientOptions, never, DefaultArgs>'.
src/modules/platform/platform-config.service.ts(64,29): error TS2339: Property 'aIConfig' does not exist on type 'PrismaClient<PrismaClientOptions, never, DefaultArgs>'.
src/modules/platform/platform-config.service.ts(83,31): error TS2339: Property 'aIConfig' does not exist on type 'PrismaClient<PrismaClientOptions, never, DefaultArgs>'.
src/modules/platform/platform-config.service.ts(88,29): error TS2339: Property 'aIConfig' does not exist on type 'PrismaClient<PrismaClientOptions, never, DefaultArgs>'.
src/modules/platform/platform-config.service.ts(115,19): error TS2339: Property 'aIConfig' does not exist on type 'PrismaClient<PrismaClientOptions, never, DefaultArgs>'.
src/modules/platform/platform-config.service.ts(162,31): error TS2339: Property 'pushNotificationConfig' does not exist on type 'PrismaClient<PrismaClientOptions, never, DefaultArgs>'.
src/modules/platform/platform-config.service.ts(167,29): error TS2339: Property 'pushNotificationConfig' does not exist on type 'PrismaClient<PrismaClientOptions, never, DefaultArgs>'.
src/modules/platform/platform-config.service.ts(206,19): error TS2339: Property 'pushNotificationConfig' does not exist on type 'PrismaClient<PrismaClientOptions, never, DefaultArgs>'.
src/modules/platform/platform-config.service.ts(219,31): error TS2339: Property 'stripeConfig' does not exist on type 'PrismaClient<PrismaClientOptions, never, DefaultArgs>'.
src/modules/platform/platform-config.service.ts(224,29): error TS2339: Property 'stripeConfig' does not exist on type 'PrismaClient<PrismaClientOptions, never, DefaultArgs>'.
src/modules/platform/platform-config.service.ts(249,19): error TS2339: Property 'stripeConfig' does not exist on type 'PrismaClient<PrismaClientOptions, never, DefaultArgs>'.
src/modules/platform/platform-config.service.ts(262,19): error TS2339: Property 'userTierLimits' does not exist on type 'PrismaClient<PrismaClientOptions, never, DefaultArgs>'.
src/modules/platform/platform-config.service.ts(271,31): error TS2339: Property 'userTierLimits' does not exist on type 'PrismaClient<PrismaClientOptions, never, DefaultArgs>'.
src/modules/platform/platform-config.service.ts(277,29): error TS2339: Property 'userTierLimits' does not exist on type 'PrismaClient<PrismaClientOptions, never, DefaultArgs>'.
src/modules/platform/platform-config.service.ts(303,19): error TS2339: Property 'userTierLimits' does not exist on type 'PrismaClient<PrismaClientOptions, never, DefaultArgs>'.
src/modules/platform/platform-config.service.ts(317,20): error TS2339: Property 'userTierLimits' does not exist on type 'PrismaClient<PrismaClientOptions, never, DefaultArgs>'.
src/modules/platform/platform-config.service.ts(405,19): error TS2339: Property 'aIUsageLog' does not exist on type 'PrismaClient<PrismaClientOptions, never, DefaultArgs>'.
src/modules/platform/platform-config.service.ts(434,14): error TS2339: Property 'aIUsageLog' does not exist on type 'PrismaClient<PrismaClientOptions, never, DefaultArgs>'.
src/modules/platform/platform-config.service.ts(439,14): error TS2339: Property 'aIUsageLog' does not exist on type 'PrismaClient<PrismaClientOptions, never, DefaultArgs>'.
src/modules/platform/platform-config.service.ts(445,14): error TS2339: Property 'aIUsageLog' does not exist on type 'PrismaClient<PrismaClientOptions, never, DefaultArgs>'.
src/modules/platform/platform-config.service.ts(451,14): error TS2339: Property 'aIUsageLog' does not exist on type 'PrismaClient<PrismaClientOptions, never, DefaultArgs>'.
src/modules/platform/platform-config.service.ts(479,14): error TS2339: Property 'aIUsageLog' does not exist on type 'PrismaClient<PrismaClientOptions, never, DefaultArgs>'.
src/modules/platform/platform-config.service.ts(486,14): error TS2339: Property 'aIUsageLog' does not exist on type 'PrismaClient<PrismaClientOptions, never, DefaultArgs>'.
src/modules/trainers/trainer.service.ts(274,23): error TS2339: Property 'gym' does not exist on type '{ id: string; specialization: string | null; bio: string | null; certifications: string[]; isAvailable: boolean; createdAt: Date; updatedAt: Date; userId: string; gymId: string; }'.
